[    0.000000] Initializing cgroup subsys cpuset
[    0.000000] Initializing cgroup subsys cpu
[    0.000000] Initializing cgroup subsys cpuacct
[    0.000000] Linux version 4.4.0-51-generic (buildd@lcy01-08) (gcc version 5.4.0 20160609 (Ubuntu 5.4.0-6ubuntu1~16.04.4) ) #72-Ubuntu SMP Thu Nov 24 18:29:54 UTC 2016 (Ubuntu 4.051.72-generic 4.4.30)
[    0.000000] Command line: BOOT_IMAGE=/boot/vmlinuz-4.4.0-51-generic rooLABEL=cloudimg-rootfs ro console=tty1 console=ttyS0
[    0.000000] KERNEL supported cpus:
[    0.000000]   Intel GenuineIntel
[    0.000000]   AMD AuthenticAMD
[    0.000000]   Centaur CentaurHauls
[    0.000000] x86/fpu: xstate_offset[2]:  576, xstate_sizes[2]:  256
[    0.000000] x86/fpu: Supporting XSAVE feature 0x01: 'x87 floating point registers'
[    0.000000] x86/fpu: Supporting XSAVE feature 0x02: 'SSE registers'
[    0.000000] x86/fpu: Supporting XSAVE feature 0x04: 'AVX registers'
[    0.000000] x86/fpu: Enabled xstate features 0x7, context size is 832 bytes, using 'standard' format.
[    0.000000] x86/fpu: Using 'lazy' FPU context switches.
[    0.000000] e820: BIOS-provided physical RAM map:
[    0.000000] BIOS-e820: [mem 0x0000000000000000-0x000000000009fbff] usable
[    0.000000] BIOS-e820: [mem 0x000000000009fc00x00000000009ffff] reserved
[    0.000000] BIOS-e820: [mem 0x00000000000f0000-0x00000000000fffff] reserved
[    0.000000] BIOS-e820: [mem 0x0000000000100000-0x000000003ffeffff] usable
[    0.000000] BIOS-e820: [mem 0x000000003fff0000-0x000000003fffffff] ACPI data
[    0.000000] BIOS-e820: [mem 0x00000000fffc0000-0x00000000ffffffff] reserved
[    0.000000] NX (Execute Disable) protection: active
[    0.000000] SMBIOS 2. present.
[    0.000000] Hypervisor detected: KVM
[    0.000000] e820: last_pfn = 0x3fff0 max_arch_pfn = 0x400000000
[    0.000000] MTRR: Disabled
[    0.000000] x86/PAT: MTRRs disabled, skipping PAT initialization too.
[    0.000000] x86/PAT: Configuration [0-7]: WB  WT  UC- UC  WB  WT  UC- UC  
[    0.000000] CPU MTRRs all blank - virtualized system.
[    0.000000] found SMP MP-table at [mem 0x0009fff0-0x0009ffff] mapped at [ffff88000009fff0]
[    0.000000] Scanning 1 areas for low memory corruption
[    0.000000] RAMDISK: [mem 0x36f38000-0x37793fff]
[    0.000000] ACPI: Early table checksum verification disabled
[    0.000000] ACPI: RSDP 0x00000000000E0000 000024 (v02 VBOX  )
[    0.000000] ACPI: XSDT 0x000000003FFF0030 00003C (v01 VBOX   VBOXXSDT 00000001 ASL  00000061)
[   .000000] ACPI: FACP 0x000000003FFF00F0 0000F (v04 VBOX   VBOXFACP 00000001 ASL  0000061)
[    0.000000] ACP DDT 0000003FF0470 002118 (v01 VBOX   VBOXBIOS 00000002 INTL 2016010)
[    .0000] ACPI: FACS 0x000000003FFF0200 000040
[   0.000000] ACPI: FACS 0x00000003FFF020 00004
[    0.000000] ACPI: APIC 0x000000003FFF0240 00005C (v02 VBOX   VBOXAPIC 00000001 ASL  00000061)
[    0.000000] ACPI: SSDT 0x000000003FFF02A0 0001CC (v01 VBOX   VBOXCPUT 00000002 INTL201108)
[    0.000000] No NUMA configuration found
[    0.000000] Faking a node at [mem 0x000000000000000-0x000000003ffeffff]
[    0.000000] NODE_DATA(0) allocated [mem 0x3ffeb000-0x3ffeffff]
[    0.0000] k-cock: Using msrs 4b564d01 and 464d00
[    0.000000] kvm-clock: cpu 0, msr 0:3ffe7001, primary cpu clock
[    0.000000] kvm-clock: using sched offset of 3335743480 cycles
[    0.000000] clocksource: kvm-clock: mask: 0xffffffffffffffffmax_cycles: 0x1cd42e4dffb, max_idle_ns: 881590591483 ns
[    0.000000] Zone ranges:
[    0.000000]   DMA      [mem 0x0000000000001000-0x0000000000ffffff]
[    0.000000]   DMA32    [mem 0x0000000001000000-0x000000003ffeffff]
[    0.000000]   Normal   empty
[    0.000000]   Device   empty
[    0.000000] Movable zone start for each node
[    0.000000] Early memory node ranges
[    0.000000]   node   0: [mem 0x0000000000001000-0x000000000009efff]
[    0.000000]   node   0: [mem 0x0000000000100000-0x000000003ffeffff]
[    0.000000] Initmem setup node 0 [mem 0x0000000000001000-0x000000003ffeffff]
[    0.000000] ACPI: PM-Timer IOPort: 0x4008
[    0.000000] IOAPIC[0]: apic_id 2,ersion 17, address 0xfec00000, GSI 0-23[    0.000000] ACPI: INT_SRC_OVR (bus 0 bus_irq 0 global_irq 2 dfl dfl)
[    0.000000] ACPI: INT_SRC_OVR (bus 0 bus_irq 9 global_irq 9 high level)
[    0.000000] Using ACPI (MADT) for SMP configuration information
[    0.000000] smpboot: Allowing 2 CPUs, 0 hotplug CPUs
[    0.000000] PM: Registered nosave memory: [mem 0x00000000-0x00000fff]
[    0.000000] PM: Registered nosave memory: [mem 0x0009f000-0x0009ffff]
[    0.000000] PM: Registered nosave memory: [mem 0x000a0000-0x000effff]
[    0.000000] PM: Registerednosave memory: [mem 0x0000-0x000fffff]
[    0.000000] e820: [mem 0x40000000-0xfffbffff] available for PCI devices
[    0.00000] Booting paravirtualized kernel on KVM
[    0.000000] clocksourc: refined-jiffies: mask: 0xffffffff max_cycles: 0xffffffff, max_idle_ns: 7645519600211568 ns
[    0.000000] setupercpu:R_CPUS56 nr_cpumask_bits:256 nr_cpu_ids:2 nr_node_ds:1
[    0.000000] PERCPU: Embedded 33 pages/cpu @ffff88003fc00000 s98008 r892 d28968 u1048576
[    0.000000] PV qspinlock hash table entries: 256 (order: 0, 4096 bytes)
[    0.000000] Built 1 zonelists in Node order, mobility grouping on.  Total pages: 257913
[    0.000000] Policy zone: DMA32
[    0.000000] Kernel command line: BOOT_IMAGE=/boot/vmlinuz-4.4.0-51-generic root=LABEL=cloudimg-rootfs ro console=tty1 console=ttyS0
[    0.000000] PID hash table entries: 4096 (order: 3, 32768 bytes)
[    0.000000] Memory: 1004072K/1048120K available (8426K kernel code, 1285K rwdata, 3956K rodata, 1480K init, 1292K bss, 44048K reserved, 0K cma-reserved)
[    0.000000] SLUB: HWalign=64, Order=0-3, MinObjects=0, CPUs=2, Nodes=1
[    0.000000] Hierarchical RCU implementation.
[    0.000000] 	Build-time adjustment of leaf fanout to 64.
[    0.000000] 	RCU restricting CPUs from NR_CPUS=256 to nr_cpu_ids=2.
[    0.000000] RCU: Adjusting geometry for rcu_fanout_leaf=64, nr_cpu_ids=2
[    0.000000] NR_IRQS:16640 nr_irqs:440 16
[    0.000000] Console: colour VGA+ 80x25
[    0.000000] console [tty1] enabled
[    0.000000] console [ttyS0] enabled
[    0.000000] tsc: Detected 2394.558 MHz processor
[   30.071198] Calibrating delay loop (skipped) preset value.. 4789.11 BogoMIPS (lpj=9578232)
[   30.314778] pid_max: default: 32768 minimum: 301
[   30.455233] ACPI: Core revision 20150930
[   30.572875] ACPI: 2 ACPI AML tables successfully acquired and loaded
[   30.754164] Security Framework initialized
[   30.879351] Yama: becoming mindful.
[   30.980146] AppArmor: AppArmor initialized
[   31.103994] Dentry cache hash table entries: 131072 (order: 8, 1048576 bytes)
[   31.315805] Inode-cache hash table entries: 65536 (order: 7, 524288 bytes)
[   31.524477] Mount-cache hash table entries: 2048 (order: 2, 16384 bytes)
[   31.725673] Mountpoint-cache hash table entries: 2048 (order: 2, 16384 bytes)
[   31.937400] Initializing cgroup subsys io
[   32.055147] Initializing cgroup subsys memory
[   32.184590] Initializing cgroup subsys devices
[   32.318314] Initializing cgroup subsys freezer
[   32.450613] Initializing cgroup subsys net_cls
[   32.583034] Initializing cgroup subsys perf_event
[   32.720708] Initializing cgroup subsys net_prio
[   32.854792] Initializing cgroup subsys hugetlb
[   32.987343] Initializing cgroup subsys pids
[   33.109557] CPU: Physical Processor ID: 0
[   33.227318] CPU: Processor Core ID: 0
[   33.336348] mce: CPU supports 0 MCE banks
[   33.454801] Last level iTLB entries: 4KB 512, 2MB 8, 4MB 8
[   33.621612] Last level dTLB entries: 4KB 512, 2MB 32, 4MB 32, 1GB 0
[   33.809825] Freeing SMP alternatives memory: 32K (ffffffff820b5000 - ffffffff820bd000)
[   34.060482] ftrace: allocating 32053 entries in 126 pages
[   34.276019] smpboot: Max logical packages: 1
[   34.403249] smpboot: APIC(0) Converting physical 0 to logical package 0
[   34.600680] ..TIMER: vector=0x30 apic1=0 pin1=2 apic2=-1 pin2=-1
[   34.885781] smpboot: CPU0: Intel(R) Core(TM) i3-3110M CPU @ 2.40GHz (family: 0x6, model: 0x3a, stepping: 0x9)
[   35.177174] Performance Events: unsupported p6 CPU model 58 no PMU driver, software events only.
[   35.433872] KVM setup paravirtual spinlock
[   35.559846] x86: Booting SMP configuration:
[   35.681640] .... node  #0, CPUs:      #1
[   35.788973] kvm-clock: cpu 1, msr 0:3ffe7041, secondary cpu clock
[   36.065913] mce: CPU supports 0 MCE banks
[   36.244115] x86: Booted up 1 node, 2 CPUs
[   36.362094] smpboot: Total of 2 processors activated (9578.23 BogoMIPS)
[   36.560397] devtmpfs: initialized
[   36.659979] evm: security.selinux
[   36.756565] evm: security.SMACK64
[   36.853067] evm: security.SMACK64EXEC
[   36.960247] evm: security.SMACK64TRANSMUTE
[   37.083210] evm: security.SMACK64MMAP
[   37.189361] evm: security.ima
[   37.275658] evm: security.capability
[   37.383133] clocksource: jiffies: mask: 0xffffffff max_cycles: 0xffffffff, max_idle_ns: 7645041785100000 ns
[   37.674586] pinctrl core: initialized pinctrl subsystem
[   37.830051] RTC time:  8:01:04, date: 12/04/16
[   37.964470] NET: Registered protocol family 16
[   38.106419] cpuidle: using governor ladder
[   38.237757] cpuidle: using governor menu
[   38.354427] PCCT header not found.
[   38.455270] ACPI: bus type PCI registered
[   38.571905] acpiphp: ACPI Hot Plug PCI Controller Driver version: 0.5
[   38.763577] PCI: Using configuration type 1 for base access
[   38.944597] ACPI: Added _OSI(Module Device)
[   39.066440] ACPI: Added _OSI(Processor Device)
[   39.199913] ACPI: Added _OSI(3.0 _SCP Extensions)
[   39.338326] ACPI: Added _OSI(Processor Aggregator Device)
[   39.499871] ACPI: Executed 1 blocks of module-level executable AML code
[   39.692784] ACPI: Interpreter enabled
[   39.799831] ACPI: (supports S0 S5)
[   39.901559] ACPI: Using IOAPIC for interrupt routing
[   40.049982] PCI: Using host bridge windows from ACPI; if necessary, use "pci=nocrs" and report a bug
[   40.329214] ACPI: PCI Root Bridge [PCI0] (domain 0000 [bus 00-ff])
[   40.514792] acpi PNP0A03:00: _OSC: OS supports [ASPM ClockPM Segments MSI]
[   40.721049] acpi PNP0A03:00: _OSC failed (AE_NOT_FOUND); disabling ASPM
[   40.916721] acpi PNP0A03:00: fail to add MMCONFIG information, can't access extended PCI configuration space under this bridge.
[   41.261520] PCI host bridge to bus 0000:00
[   41.384301] pci_bus 0000:00: root bus resource [io  0x0000-0x0cf7 window]
[   41.582257] pci_bus 0000:00: root bus resource [io  0x0d00-0xffff window]
[   41.784379] pci_bus 0000:00: root bus resource [mem 0x000a0000-0x000bffff window]
[   42.007971] pci_bus 0000:00: root bus resource [mem 0x40000000-0xffdfffff window]
[   42.231245] pci_bus 0000:00: root bus resource [bus 00-ff]
[   42.398192] pci 0000:00:01.1: legacy IDE quirk: reg 0x10: [io  0x01f0-0x01f7]
[   42.609811] pci 0000:00:01.1: legacy IDE quirk: reg 0x14: [io  0x03f6]
[   42.803920] pci 0000:00:01.1: legacy IDE quirk: reg 0x18: [io  0x0170-0x0177]
[   43.015516] pci 0000:00:01.1: legacy IDE quirk: reg 0x1c: [io  0x0376]
[   43.246080] ACPI: PCI Interrupt Link [LNKA] (IRQs 5 9 10 11) *0, disabled.
[   43.425961] ACPI: PCI Interrupt Link [LNKB] (IRQs 5 9 10 *11)
[   43.576631] ACPI: PCI Interrupt Link [LNKC] (IRQs 5 9 *10 11)
[   43.728791] ACPI: PCI Interrupt Link [LNKD] (IRQs 5 *9 10 11)
[   43.882694] ACPI: Enabled 2 GPEs in block 00 to 07
[   44.017855] vgaarb: setting as boot device: PCI:0000:00:02.0
[   44.188997] vgaarb: device added: PCI:0000:00:02.0,decodes=io+mem,owns=io+mem,locks=none
[   44.431904] vgaarb: loaded
[   44.524039] vgaarb: bridge control possible 0000:00:02.0
[   44.682808] SCSI subsystem initialized
[   44.794546] ACPI: bus type USB registered
[   44.911814] usbcore: registered new interface driver usbfs
[   45.076539] usbcore: registered new interface driver hub
[   45.234909] usbcore: registered new device driver usb
[   45.383607] PCI: Using ACPI for IRQ routing
[   45.506662] NetLabel: Initializing
[   45.609145] NetLabel:  domain hash size = 128
[   45.735973] NetLabel:  protocols = UNLABELED CIPSOv4
[   45.885308] NetLabel:  unlabeled traffic allowed by default
[   46.049318] amd_nb: Cannot enumerate AMD northbridges
[   46.198455] clocksource: Switched to clocksource kvm-clock
[   46.372432] AppArmor: AppArmor Filesystem Enabled
[   46.628368] pnp: PnP ACPI init
[ 46196]npPnAC: un3 vis
[   47.465722] clocksource: acpi_pm: mask: 0xffffff max_cycles: 0xffffff, max_idle_ns: 2085701024 ns
[   48.382958] NET: Registered protocol family 2
[   48.847327] TCP established hash table entries: 8192 (order: 4, 65536 bytes)
[   49.597175] TCP bind hash table entries: 8192 (order: 5, 131072 bytes)
[   50.302431] TCP: Hash tables configured (established 8192 bind 8192)
[   50.987143] UDP hash table entries: 512 (order: 2, 16384 bytes)
[   51.617042] UDP-Lite hash table entries: 512 (order: 2, 16384 bytes)
[   52.274399] NET: Registered protocol family 1
[   52.722231] pci 0000:00:00.0: Limiting direct PCI/PCI transfers
[   53.346963] pci 0000:00:01.0: Activating ISA DMA hang workarounds
[   53.997656] Trying to unpack rootfs image as initramfs...
[   56.371843] Freeing initrd memory: 8560K (ffff880036f38000 - ffff880037794000)
[   56.588884] RAPL PMU detected, API unit is 2^-32 Joules, 3 fixed counters 10737418240 ms ovfl timer
[   56.859000] hw unit of domain pp0-core 2^-0 Joules
[   57.006303] hw unit of domain package 2^-0 Joules
[   57.143831] hw unit of domain pp1-gpu 2^-0 Joules
[   57.283748] platform rtc_cmos: registered platform RTC device (no PNP device found)
[   57.513673] Scanning for low memory corruption every 60 seconds
[   57.689861] futex hash table entries: 512 (order: 3, 32768 bytes)
[   58.286201] tsc: Refined TSC clocksource calibration: 2393.979 MHz
[   58.286204] clocksource: tsc: mask: 0xffffffffffffffff max_cycles: 0x2281ffccc2b, max_idle_ns: 440795288715 ns
[   60.077214] audit: initializing netlink subsys (disabled)
[   60.594037] audit: type=2000 audit(1480838446.737:1): initialized
[   61.237037] Initialise system trusted keyring
[   61.697106] HugeTLB registered 2 MB page size, pre-allocated 0 pages
[   62.368355] zbud: loaded
[   62.616897] VFS: Disk quotas dquot_6.6.0
[   63.026597] VFS: Dquot-cache hash table entries: 512 (order 0, 4096 bytes)
[   63.736886] squashfs: version 4.0 (2009/01/31) Phillip Lougher
[   64.377131] fuse init (API version 7.23)
[   64.756609] Key type big_key registered
[   65.156385] Allocating IMA MOK and blacklist keyrings.
[   65.708761] Key type asymmetric registered
[   66.136387] Asymmetric key parser 'x509' registered
[   66.657491] Block layer SCSI generic (bsg) driver version 0.4 loaded (major 249)
[   67.476843] io scheduler noop registered
[   67.885592] io scheduler deadline registered (default)
[   68.436382] io scheduler cfq registered
[   68.846595] pci_hotplug: PCI Hot Plug PCI Core version: 0.5
[   69.436315] pciehp: PCI Express Hot Plug Controller Driver version: 0.4
[   70.156461] ACPI: AC Adapter [AC] (on-line)
[   70.596274] input: Power Button as /devices/LNXSYSTM:00/LNXPWRBN:00/input/input0
[   71.381850] ACPI: Power Button [PWRF]
[   71.776131] input: Sleep Button as /devices/LNXSYSTM:00/LNXSLPBN:00/input/input1
[   72.556485] ACPI: Sleep Button [SLPF]
[   72.917671] GHES: HEST is not enabled!
[   72.918716] ACPI: Battery Slot [BAT0] (battery present)
[   73.836230] Serial: 8250/16550 driver, 32 ports, IRQ sharing enabled
[   74.538116] 00:02: ttyS0 at I/O 0x3f8 (irq = 4, base_baud = 115200) is a 16550A
[   75.327840] Linux agpgart interface v0.103
[   75.773983] brd: module loaded
[   76.108299] loop: module loaded
[   76.426934] scsi host0: ata_piix
[   76.726278] scsi host1: ata_piix
[   77.055892] ata1: PATA max UDMA/33 cmd 0x1f0 ctl 0x3f6 bmdma 0xd000 irq 14
[   77.775949] ata2: PATA max UDMA/33 cmd 0x170 ctl 0x376 bmdma 0xd008 irq 15
[   78.526124] libphy: Fixed MDIO Bus: probed
[   78.945773] tun: Universal TUN/TAP device driver, 1.6
[   79.485801] tun: (C) 1999-2004 Max Krasnyansky <maxk@qualcomm.com>
[   80.155926] PPP generic driver version 2.4.2
[   80.615859] ehci_hcd: USB 2.0 'Enhanced' Host Controller (EHCI) Driver
[   81.295815] ehci-pci: EHCI PCI platform driver
[   81.775775] ehci-platform: EHCI generic platform driver
[   82.301045] ohci_hcd: USB 1.1 'Open' Host Controller (OHCI) Driver
[   82.985790] ohci-pci: OHCI PCI platform driver
[   83.445688] ohci-platform: OHCI generic platform driver
[   84.005711] uhci_hcd: USB Universal Host Controller Interface driver
[   84.695794] i8042: PNP: PS/2 Controller [PNP0303:PS2K,PNP0f03:PS2M] at 0x60,0x64 irq 1,12
[   85.526650] serio: i8042 KBD port at 0x60,0x64 irq 1
[   86.075548] serio: i8042 AUX port at 0x60,0x64 irq 12
[   86.595773] mousedev: PS/2 mouse device common for all mice
[   87.206032] rtc_cmos rtc_cmos: rtc core: registered rtc_cmos as rtc0
[   87.885062] rtc_cmos rtc_cmos: alarms up to one day, 114 bytes nvram
[   88.585674] i2c /dev entries driver
[   88.915709] input: AT Translated Set 2 keyboard as /devices/platform/i8042/serio0/input/input2
[   89.815996] device-mapper: uevent: version 1.0.3
[   90.315571] device-mapper: ioctl: 4.34.0-ioctl (2015-10-28) initialised: dm-devel@redhat.com
[   91.235838] ledtrig-cpu: registered to indicate activity on CPUs
[   91.416606] NET: Registered protol family 10
[   91.696844] NET: Registered protocol family 17
[   91.32] y pensresoeregted
[   92.529869] microcode: CPU0 sig=0x306a9, pf=0x2, revision=0x19
[   92.938400] microcode: CPU1 sig=0x306a9, pf=0x2, revision=0x19
[   93.555459] microcode: Microcode Update Driver: v2.01 <tigran@aivazian.fsnet.co.uk>, Peter Oruba
[   94.455969] registered taskstats version 1
[   94.905258] Loading compiled-in X.509 certificates
[   95.356178] Loaded X.509 cert 'Build time autogenerated kernel key: 56603c66c9a77e946feb1e966c217ab15f551179'
[   96.433056] zswap: loaded using pool lzo/zbud
[   96.897894] Key type trusted registered
[   97.241273] Key type encrypted registered
[   97.625164] AppArmor: AppArmor sha1 policy hashing enabled
[   98.166132] ima: No TPM chip found, activating TPM-bypass!
[   98.655317] evm: HMAC attrs: 0x1
[   98.945579]   Magic number: 12:145:17
[   99.308591] rtc_cmos rtc_cmos: setting system clock to 2016-12-04 08:02:05 UTC (1480838525)
[  100.146905] BIOS EDD facility v0.16 2004-Jun-25, 0 devices found
[  100.755101] EDD information not available.
[  101.166869] Freeing unused kernel memory: 1480K (ffffffff81f43000 - ffffffff820b5000)
[  101.955393] Write protecting the kernel read-only data: 14336k
[  102.555863] Freeing unused kernel memory: 1800K (ffff88000183e000 - ffff880001a00000)
[  103.325894] Freeing unused kernel memory: 140K (ffff880001ddd000 - ffff880001e00000)
Loading, please [  104.041172] random: systemd-udevd: uninitialized urandom read (16 bytes read, 10 bits of entropy available)
wait...
startin[  104.055794] random: udevadm: uninitialized urandom read (16 bytes read, 10 bits of entropy available)
g version 229
[  104.055842] random: udevadm: uninitialized urandom read (16 bytes read, 10 bits of entropy available)
[  104.056001] random: udevadm: uninitialized urandom read (16 bytes read, 10 bits of entropy available)
[  104.056064] random: udevadm: uninitialized urandom read (16 bytes read, 10 bits of entropy available)
[  104.056128] random: udevadm: uninitialized urandom read (16 bytes read, 10 bits of entropy available)
[  104.056187] random: udevadm: uninitialized urandom read (16 bytes read, 10 bits of entropy available)
[  104.056249] random: udevadm: uninitialized urandom read (16 bytes read, 10 bits of entropy available)
[  104.056311] random: udevadm: uninitialized urandom read (16 bytes read, 10 bits of entropy available)
[  104.056368] random: udevadm: uninitialized urandom read (16 bytes read, 10 bits of entropy available)
[  114.005165] e1000: Intel(R) PRO/1000 Network Driver - version 7.3.21-k8-NAPI
[  114.323176] e1000: Copyright (c) 1999-2006 Intel Corporation.
[  114.596096] Fusion MPT base driver 3.04.20
[  114.934772] Copyright (c) 1999-2008 LSI Corporation
[  115.464578] Fusion MPT SPI Host driver 3.04.20
[  115.909002] input: ImExPS/2 Generic Explorer Mouse as /devices/platform/i8042/serio1/input/input4
[  116.475756] e1000 0000:00:03.0 eth0: (PCI:33MHz:32-bit) 02:58:f3:11:f2:f2
[  116.681248] e1000 0000:00:03.0 eth0: Intel(R) PRO/1000 Network Connection
[  116.889183] e1000 0000:00:03.0 enp0s3: renamed from eth0
[  117.311373] mptbase: ioc0: Initiating bringup
[  117.894568] ioc0: LSI53C1030 A0: Capabilities={Initiator}
[  119.277023] floppy0: no floppy controllers found
[  119.792345] scsi host2: ioc0: LSI53C1030 A0, FwRev=00000000h, Ports=1, MaxQ=256, IRQ=20
[  120.395129] scsi 2:0:0:0: Direct-Access     VBOX     HARDDISK         1.0  PQ: 0 ANSI: 5
[  120.866848] scsi target2:0:0: Beginning Domain Validation
[  121.031074] scsi target2:0:0: Domain Validation skipping write tests
[  121.221470] scsi target2:0:0: Ending Domain Validation
[  121.374213] scsi target2:0:0: asynchronous
[  121.496839] scsi 2:0:1:0: Direct-Access     VBOX     HARDDISK         1.0  PQ: 0 ANSI: 5
[  121.947768] scsi target2:0:1: Beginning Domain Validation
[  122.112004] scsi target2:0:1: Domain Validation skipping write tests
[  122.528661] scsi target2:0:1: Ending Domain Validation
[  122.863069] scsi target2:0:1: asynchronous
[  123.002841] sd 2:0:0:0: [sda] 20971520 512-byte logical blocks: (10.7 GB/10.0 GiB)
[  123.003143] sd 2:0:0:0: Attached scsi generic sg0 type 0
[  123.794566] sd 2:0:1:0: Attached scsi generic sg1 type 0
[  123.795026] sd 2:0:1:0: [sdb] 20480 512-byte logical blocks: (10.5 MB/10.0 MiB)
[  123.795247] sd 2:0:1:0: [sdb] Write Protect is off
[  123.795372] sd 2:0:1:0: [sdb] Incomplete mode parameter data
[  123.795373] sd 2:0:1:0: [sdb] Assuming drive cache: write through
[  123.797281] sd 2:0:1:0: [sdb] Attached SCSI disk
[  127.934716] sd 2:0:0:0: [sda] Write Protect is off
[  128.077721] sd 2:0:0:0: [sda] Incomplete mode parameter data
[  128.395370] sd 2:0:0:0: [sda] Assuming drive cache: write through
[  128.581179]  sda: sda1
[  128.651357] sd 2:0:0:0: [sda] Attached SCSI disk
Begin: Loading e[  130.339758] md: linear personality registered for level -1
ssential drivers[  131.058005] md: multipath personality registered for level -4
 ... [  131.708224] md: raid0 personality registered for level 0
[  131.877803] md: raid1 personality registered for level 1
[  132.507566] raid6: sse2x1   gen()  6415 MB/s
[  133.018612] raid6: sse2x1   xor()  5090 MB/s
[  133.522958] raid6: sse2x2   gen()  8546 MB/s
[  134.043687] raid6: sse2x2   xor()  6078 MB/s
[  134.543646] raid6: sse2x4   gen()  9937 MB/s
[  135.083609] raid6: sse2x4   xor()  7449 MB/s
[  135.544102] raid6: using algorithm sse2x4 gen() 9937 MB/s
[  136.124091] raid6: .... xor() 7449 MB/s, rmw enabled
[  136.674133] raid6: using ssse3x2 recovery algorithm
[  137.187871] xor: automatically using best checksumming function:
[  137.406494]    avx       : 13146.000 MB/sec
[  137.534235] async_tx: api initialized (async)
[  137.993524] md: raid6 personality registered for level 6
[  138.591361] md: raid5 personality registered for level 5
[  139.164059] md: raid4 personality registered for level 4
[  139.720836] md: raid10 personality registered for level 10
done.
Begin: Running /scripts/init-p[  140.339495] Btrfs loaded
remount ... done.
Begin: Mounting root file sys[  140.476186] EXT4-fs (sda1): mounted filesystem with ordered data mode. Opts: (null)
tem ... Begin: Running /scripts/local-top ... done.
Begin: Running /scripts/local-premount ... Scanning for Btrfs filesystems
done.
Warning: fsck not present, so skipping root file system
done.
Begin: Running /scripts/local-bottom ... done.
Begin: Running /scripts/init-bottom ... Warning: overlayroot: debug is busted
done.
[  141.355338] random: nonblocking pool is initiized
[  141.709752] systemd[1]: systemd 229 running in system mode. (+PAM +AUDIT +SELINUX +IMA +APPARMOR +SMACK +SYSVINIT +UTMP +LIBCRYPTSETUP +GCRYPT +GNUTLS +ACL +XZ -LZ4 +SECCOMP +BLKID +ELFUTILS +KMOD -IDN)
[  142.255088] systemd[1]: Detected virtualization oracle.
[  142.408897] systemd[1]: Detected architecture x86-64.

Welcome to [1mUbuntu 16.04.1 LTS[0m!

[  142.632160] systemd[1]: Set hostname to <ubuntu>.
[ 42071]ysmd]:nializing machine ID from random generator.
[  143.455224] systemd[1]: Installed transient /etc/machine-id file.
[ 44674]ysmd[1]: Reached target User and Group Name Lookups.
[[0;32m  OK  [0m] Reached target User and Group Name Lookups.
[ 44637]ysmd1]: Listening on Journal Audit Socket.
[[0;32m  OK  [0m] Listening on Journal Audit Socket.
[ 45.551043] systemd[1]: Listening on LVM2 metadata daemon socket.
[[0;32m  OK  [0m] Listening on LVM2 metadata daemon socket.
[  146.039278] systemd[1]: Listening on /dev/initctl Compatibility Named Pipe.
[[0;32m  OK  [0m] Listening on /dev/initctl Compatibility Named Pipe.
[  146.530767] systemd[1]: Listening on Syslog Socket.
[[0;32m  OK  [0m] Listening on Syslog Socket.
[  146.839319] systemd[1]: Listening on LVM2 poll daemon socket.
[[0;32m  OK  [0m] Listening on LVM2 poll daemon socket.
[  147.247317] systemd[1]: Listening on Device-mapper event daemon FIFOs.
[[0;32m  OK  [0m] Listening on Device-mapper event daemon FIFOs.
[  147.711501] systemd[1]: Set up automount Arbitrary Executable File Formats File System Automount Point.
[[0;32m  OK  [0m] Set up automount Arbitrary Executab...ats File System Automount Point.
[  148.359309] systemd[1]: Listening on udev Control Socket.
[[0;32m  OK  [0m] Listening on udev Control Socket.
[ 48916]ysemd[1]: acd rg Sp.
[[0;32m  OK  [0m] Reached target Swap.
[ 49.703266] systemd[1]: Listening on udev Kerl ck.
[[0;32m  OK  [0m] Listening on udev Kernel Socket.
[ 150.223721] systemd[1]: Created slice User and Session Slice.
[[0;32m  OK  [0m] Created slice User and Session Slice.
[ 50637]ystemd[1]: Created slice System Slice.
[[0;32m  OK  [0m] Created slice System Slice.
[  151.159068] systemd[1]: Reached target Slices.
[[0;32m  OK  [0m] Reached target Slices.
[  151.467145] systemd[1]: Srted Forward Password Requests to Wall DirectoryWatch.
[[0;32m  OK  [0m] Started Forward Password Requests to Wall Directory Watch.
[  152.038844] systemd[1]: Listening on Journal Socket.
[[0;32m  OK  [0m] Listening on Journal Socket.
[  152.386916] systemd[1]: Mounting POSIX Message Queue File System...
         Mounting POSIX Message Queue File System...
[  152.650972] systemd[1]: Mounting Debug File System...
         Mounting Debug File System...
[  152.890866] systemd[1]: Mounting Huge Pages File System...
         Mounting Huge Pages File System...
[  153.135134] systemd[1]: Starting Load Kernel Modules...
         Starting Load Kernel Modules...
[  153.346850] systemd[1]: Starting Set console keymap...
         Starting Set con[  153.522211] Loading iSCSI transport class v2.0-870.
sole keymap...
[  154.092789] iscsi: registered transport (tcp)
[  154.214763] systemd[1]: Starting Remount Root and Kernel File Systems...
         Startin[  154.419017] EXT4-fs (sda1): re-mounted. Opts: (null)
g Remount Root and Kernel File Systems...
[  154.729997] iscsi: registered transport (iser)
[  155.002761] systemd[1]: Starting Nameserver information manager...
         Starting Nameserver information manager...
[  155.694918] systemd[1]: Starting Monitoring of LVM2 mirrors, snapshots etc. using dmeventd or progress polling...
         Starting Monitoring of LVM2 mirrors... dmeventd or progress polling...
[  156.783930] systemd[1]: Starting Create list of required static device nodes for the current kernel...
         Starting Create list of required st... nodes for the current kernel...
[  157.823135] systemd[1]: Starting Uncomplicated firewall...
         Starting Uncomplicated firewall...
[  158.454797] systemd[1]: Listening on Journal Socket (/dev/log).
[[0;32m  OK  [0m] Listening on Journal Socket (/dev/log).
[  159.159165] systemd[1]: Starting Journal Service...
         Starting Journal Service...
[  159.671556] systemd[1]: Created slice system-serial\x2dgetty.slice.
[[0;32m  OK  [0m] Created slice system-serial\x2dgetty.slice.
[  160.419662] systemd[1]: Reached target Encrypted Volumes.
[[0;32m  OK  [0m] Reached target Encrypted Volumes.
[  161.047974] systemd[1]: Mounted Debug File System.
[[0;32m  OK  [0m] Mounted Debug File System.
[  161.607176] systemd[1]: Mounted POSIX Message Queue File System.
[[0;32m  OK  [0m] Mounted POSIX Message Queue File System.
[  162.330908] systemd[1]: Mounted Huge Pages File System.
[[0;32m  OK  [0m] Mounted Huge Pages File System.
[  162.943172] systemd[1]: Started Journal Service.
[[0;32m  OK  [0m] Started Journal Service.
[[0;32m  OK  [0m] Started Load Kernel Modules.
[[0;32m  OK  [0m] Started Set console keymap.
[[0;32m  OK  [0m] Started Remount Root and Kernel File Systems.
[[0;32m  OK  [0m] Started Create list of required sta...ce nodes for the current kernel.
[[0;32m  OK  [0m] Started Uncomplicated firewall.
[[0;32m  OK  [0m] Started Nameserver information manager.
[[0;32m  OK  [0m] Started LVM2 metadata daemon.
         Starting Create Static Device Nodes in /dev...
         Starting Load/Save Random Seed...
         Starting Initial cloud-init job (pre-networking)...
         Starting udev Coldplug all Devices...
         Mounting FUSE Control File System...
         Starting Apply Kernel Variables...
         Starting Flush Journal to Persistent Storage...
[[0;32m  OK  [0m] Mounted FUSE Control File System.
[[0;32m  OK  [0m] Started Monitoring of LVM2 mirrors,...ng dmeventd or progress polling.
[[0;32m  OK  [0m] Started Create Static Device Nodes in /dev.
[[0;32m  OK  [0m] Started Load/Save Random Seed.
[[0;32m  OK  [0m] Started Apply Kernel Variables.
[[0;32m  OK  [0m] Started udev Coldplug all Devices.
         Starting udev Kernel Device Manager...
[[0;32m  OK  [0m] Started Flush Journal to Persistent Storage.
[[0;32m  OK  [0m] Started udev Kernel Device Manager.
[[0;32m  OK  [0m] Started Dispatch Password Requests to Console Directory Watch.
[[0;32m  OK  [0m] Reached target Local File Systems (Pre).
[[0;32m  OK  [0m] Reached target Local File Systems.
         Starting Create Volatile Files and Directories...
         Starting Commit a transient machine-id on disk...
         Starting LSB: AppArmor initialization...
         Starting Set console font and keymap...
         Starting Tell Plymouth To Write Out Runtime Data...
         Starting Run snappy firstboot setup...
[[0;32m  OK  [0m] Started Create Volatile Files and Directories.
[[0;32m  OK  [0m] Started Commit a transient machine-id on disk.
[[0;32m  OK  [0m] Started Tell Plymouth To Write Out Runtime Data.
[[0;32m  OK  [0m] Started Run snappy firstboot setup.
[  122.364581] cloud-init[456]: Cloud-init v. 0.7.8 running 'init-local' at Sun, 04 Dec 2016 08:03:12 +0000. Up 121.49 seconds.
[[0;32m  OK  [0m] Started Initial cloud-init job (pre-networking).
[[0;32m  OK  [0m] Started Set console font and keymap.
[[0;32m  OK  [0m] Found device /dev/ttyS0.
[[0;32m  OK  [0m] Listening on Load/Save RF Kill Switch Status /dev/rfkill Watch.
[[0;32m  OK  [0m] Created slice system-getty.slice.
[[0;32m  OK  [0m] Reached target Network (Pre).
[[0;32m  OK  [0m] Reached target System Time Synchronized.
         Starting Update UTMP about System Boot/Shutdown...
[[0;32m  OK  [0m] Started Update UTMP about System Boot/Shutdown.
[[0;32m  OK  [0m] Started LSB: AppArmor initialization.
         Starting Raise network interfaces...
[[0m[0;31m*     [0m] A start job is running for Raise network interfaces (30s / 5min 24s)[K[[0;1;31m*[0m[0;31m*    [0m] A start job is running for Raise network interfaces (30s / 5min 24s)[K[[0;31m*[0;1;31m*[0m[0;31m*   [0m] A start job is running for Raise network interfaces (31s / 5min 24s)[K[ [0;31m*[0;1;31m*[0m[0;31m*  [0m] A start job is running for Raise network interfaces (31s / 5min 24s)[K[  [0;31m*[0;1;31m*[0m[0;31m* [0m] A start job is running for Raise network interfaces (32s / 5min 24s)[K[   [0;31m*[0;1;31m*[0m[0;31m*[0m] A start job is running for Raise network interfaces (32s / 5min 24s)[K[    [0;31m*[0;1;31m*[0m] A start job is running for Raise network interfaces (33s / 5min 24s)[K[     [0;31m*[0m] A start job is running for Raise network interfaces (33s / 5min 24s)[K[    [0;31m*[0;1;31m*[0m] A start job is running for Raise network interfaces (34s / 5min 24s)[K[   [0;31m*[0;1;31m*[0m[0;31m*[0m] A start job is running for Raise network interfaces (34s / 5min 24s)[K[  [0;31m*[0;1;31m*[0m[0;31m* [0m] A start job is running for Raise network interfaces (35s / 5min 24s)[K[ [0;31m*[0;1;31m*[0m[0;31m*  [0m] A start job is running for Raise network interfaces (35s / 5min 24s)[K[[0;31m*[0;1;31m*[0m[0;31m*   [0m] A start job is running for Raise network interfaces (36s / 5min 24s)[K[[0;1;31m*[0m[0;31m*    [0m] A start job is running for Raise network interfaces (36s / 5min 24s)[K[[0m[0;31m*     [0m] A start job is running for Raise network interfaces (37s / 5min 24s)[K[[0;1;31m*[0m[0;31m*    [0m] A start job is running for Raise network interfaces (37s / 5min 24s)[K[[0;31m*[0;1;31m*[0m[0;31m*   [0m] A start job is running for Raise network interfaces (38s / 5min 24s)[K[ [0;31m*[0;1;31m*[0m[0;31m*  [0m] A start job is running for Raise network interfaces (38s / 5min 24s)[K[  [0;31m*[0;1;31m*[0m[0;31m* [0m] A start job is running for Raise network interfaces (39s / 5min 24s)[K[   [0;31m*[0;1;31m*[0m[0;31m*[0m] A start job is running for Raise network interfaces (39s / 5min 24s)[K[    [0;31m*[0;1;31m*[0m] A start job is running for Raise network interfaces (40s / 5min 24s)[K[     [0;31m*[0m] A start job is running for Raise network interfaces (40s / 5min 24s)[K[    [0;31m*[0;1;31m*[0m] A start job is running for Raise network interfaces (41s / 5min 24s)[K[   [0;31m*[0;1;31m*[0m[0;31m*[0m] A start job is running for Raise network interfaces (41s / 5min 24s)[K[  [0;31m*[0;1;31m*[0m[0;31m* [0m] A start job is running for Raise network interfaces (42s / 5min 24s)[K[ [0;31m*[0;1;31m*[0m[0;31m*  [0m] A start job is running for Raise network interfaces (42s / 5min 24s)[K[[0;31m*[0;1;31m*[0m[0;31m*   [0m] A start job is running for Raise network interfaces (43s / 5min 24s)[K[[0;1;31m*[0m[0;31m*    [0m] A start job is running for Raise network interfaces (43s / 5min 24s)[K[[0m[0;31m*     [0m] A start job is running for Raise network interfaces (44s / 5min 24s)[K[[0;1;31m*[0m[0;31m*    [0m] A start job is running for Raise network interfaces (44s / 5min 24s)[K[[0;31m*[0;1;31m*[0m[0;31m*   [0m] A start job is running for Raise network interfaces (45s / 5min 24s)[K[ [0;31m*[0;1;31m*[0m[0;31m*  [0m] A start job is running for Raise network interfaces (45s / 5min 24s)[K[  [0;31m*[0;1;31m*[0m[0;31m* [0m] A start job is running for Raise network interfaces (46s / 5min 24s)[K[   [0;31m*[0;1;31m*[0m[0;31m*[0m] A start job is running for Raise network interfaces (46s / 5min 24s)[K[    [0;31m*[0;1;31m*[0m] A start job is running for Raise network interfaces (47s / 5min 24s)[K[     [0;31m*[0m] A start job is running for Raise network interfaces (47s / 5min 24s)[K[    [0;31m*[0;1;31m*[0m] A start job is running for Raise network interfaces (48s / 5min 24s)[K[   [0;31m*[0;1;31m*[0m[0;31m*[0m] A start job is running for Raise network interfaces (48s / 5min 24s)[K[  [0;31m*[0;1;31m*[0m[0;31m* [0m] A start job is running for Raise network interfaces (49s / 5min 24s)[K[ [0;31m*[0;1;31m*[0m[0;31m*  [0m] A start job is running for Raise network interfaces (49s / 5min 24s)[K[[0;31m*[0;1;31m*[0m[0;31m*   [0m] A start job is running for Raise network interfaces (50s / 5min 24s)[K[[0;1;31m*[0m[0;31m*    [0m] A start job is running for Raise network interfaces (50s / 5min 24s)[K[[0m[0;31m*     [0m] A start job is running for Raise network interfaces (51s / 5min 24s)[K[[0;1;31m*[0m[0;31m*    [0m] A start job is running for Raise network interfaces (51s / 5min 24s)[K[[0;31m*[0;1;31m*[0m[0;31m*   [0m] A start job is running for Raise network interfaces (52s / 5min 24s)[K[ [0;31m*[0;1;31m*[0m[0;31m*  [0m] A start job is running for Raise network interfaces (52s / 5min 24s)[K[  [0;31m*[0;1;31m*[0m[0;31m* [0m] A start job is running for Raise network interfaces (53s / 5min 52s)[K[[0;32m  OK  [0m] Started Raise network interfaces.
[[0;32m  OK  [0m] Reached target Network.
         Starting Initial cloud-init job (metadata service crawler)...
[  154.463587] cloud-init[920]: Cloud-init v. 0.7.8 running 'init' at Sun, 04 Dec 2016 08:03:44 +0000. Up 153.20 seconds.
[[0;32m  OK  [0m] Started Initial cloud-init job (metadata service crawler).
[[0;32m  OK  [0m] Reached target Cloud-config availability.
[[0;32m  OK  [0m] Reached target Network is Online.
[  154.603309] cloud-init[920]: ci-info: +++++++++++++++++++++++++++++++++++++Net device info++++++++++++++++++++++++++++++++++++++
[  155.008863]          cloud-initStarting iSCSI initiator daemon (iscsid)...[920]: 
ci-info: +--------+------+----------------------------+---------------+-------+-------------------+
[  155.244919] [cloud-init[0;32m  OK  [0m[920]: ] ci-info: | Device |  Up  |          Address           |      Mask     | Scope |     Hw-Address    |Reached target System Initialization.

[  155.246022] [cloud-init[0;32m  OK  [0m[920]: ] ci-info: +--------+------+----------------------------+---------------+-------+-------------------+Started Daily apt activities.

[  155.697067] [cloud-init[0;32m  OK  [0m[920]: ] ci-info: | enp0s3 | True |         10.0.2.15          | 255.255.255.0 |   .   | 02:58:f3:11:f2:f2 |Started Daily Cleanup of Temporary Directories.

[[0;32m  OK  [0m] Listening on ACPID Listen Socket.
[  155.698947] cloud-init[920]: ci-info: | enp0s3 | True | fe80::58:f3ff:fe11:f2f2/64 |       .       |  link | 02:58:f3:11:f2:f2 |
[  156.152674]          cloud-initStarting LXD - unix socket.[920]: 
ci-info: |   lo   | True |         127.0.0.1          |   255.0.0.0   |   .   |         .         |
[  156.372430] [cloud-init[0;32m  OK  [0m[920]: ] ci-info: |   lo   | True |          ::1/128           |       .       |  host |         .         |Started Timer to automatically refresh installed snaps.

[  156.664474] [cloud-init[0;32m  OK  [0m[920]: ] ci-info: +--------+------+----------------------------+---------------+-------+-------------------+Reached target Timers.

[  156.665124] cloud-init[920]: ci-info: +++++++++++++++++++++++++++Route IPv4 info++++++++++++++++++++++++++++
[  157.018273] [cloud-init[0;32m  OK  [0m[920]: ] ci-info: +-------+-------------+----------+---------------+-----------+-------+Started ACPI Events Check.

         Starting Socket activation for snappy daemon.
[[0;32m  OK  [0m] Listening on D-Bus System Message Bus Socket.
[[0;32m  OK  [0m] Listening on UUID daemon activation socket.
[[0;32m  OK  [0m] Started Trigger resolvconf update for networkd DNS.
[[0;32m  OK  [0m] Reached target Paths.
[  157.018717] cloud-init[920]: ci-info: | Route | Destination | Gateway  |    Genmask    | Interface | Flags |
[  157.931021] [cloud-init[0;32m  OK  [0m[920]: ] ci-info: +-------+-------------+----------+---------------+-----------+-------+Listening on LXD - unix socket.

[[0;32m  OK  [0m] Listening on Socket activation for snappy daemon.
[[0;32m  OK  [0m] Started iSCSI initiator daemon (iscsid).
[  157.931502] cloud-init[920]: ci-info: |   0   |   0.0.0.0   | 10.0.2.2 |    0.0.0.0    |   enp0s3  |   UG  |
[  158.424468]          cloud-initStarting Login to default iSCSI targets...[920]: 
ci-info: |   1   |   10.0.2.0  | 0.0.0.0  | 255.255.255.0 |   enp0s3  |   U   |
[  158.640425] [cloud-init[0;32m  OK  [0m[920]: ] ci-info: +-------+-------------+----------+---------------+-----------+-------+Reached target Sockets.

[  158.832399] cloud-init[920]: Generating public/private rsa key pair.
[  158.833349] cloud-init[920]: Your identification has been saved in /etc/ssh/ssh_host_rsa_key.
[  158.833413] cloud-init[920]: Your public key has been saved in /etc/ssh/ssh_host_rsa_key.pub.
[  158.833468] cloud-init[920]: The key fingerprint is:
[  158.833520] cloud-init[920]: SHA256:uOqT93CaXMy0eSGW161/7lkteLMkWwbUEvnYZo94fwo root@ubuntu-xenial
[  158.833572] cloud-init[920]: The key's randomart image is:
[  158.833624] cloud-init[920]: +---[RSA 2048]----+
[  158.833677] cloud-init[920]: |            ..   |
[  158.833731] cloud-init[920]: |            .o   |
[  158.833798] cloud-init[920]: |            o+.  |
[  158.833851] cloud-init[920]: |       . . o.o=  |
[  158.833903] cloud-init[920]: |      . S o o+.o |
[  158.833957] cloud-init[920]: |       * = ..+o o|
[  158.834009] cloud-init[920]: |     .o B . E.B.o|
[  158.834060] cloud-init[920]: |    oo.* .   X +*|
[  158.834113] cloud-init[920]: |   .oo+..   . +*+|
[[0;32m  OK  [0m] Reached target Basic System.
[  158.834538] cloud-init[920]: +----[SHA256]-----+
[  160.184942] [cloud-init[0;32m  OK  [0m[920]: ] Generating public/private dsa key pair.Started D-Bus System Message Bus.

[  160.185547] cloud-init[920]: Your identification has been saved in /etc/ssh/ssh_host_dsa_key.
[  160.452513]          cloud-initStarting System Logging Service...[920]: 
Your public key has been saved in /etc/ssh/ssh_host_dsa_key.pub.
[  160.964459]          cloud-initStarting Apply the settings specified in cloud-config...[920]: 
The key fingerprint is:
[  160.965045] cloud-init[920]: SHA256:fblrDvmocz5urvfMdD58qyiVQUVMmAo42eYUlVkcYX8 root@ubuntu-xenial
[  161.236474] cloud-init[920]: The key's randomart image is:
         Starting Pollinate to seed the pseudo random number generator...
[  161.237118] cloud-init[920]: +---[DSA 1024]----+
[  161.512712]          cloud-initStarting Login Service...[920]: 
|      +.o.==X+   |
[  161.608363]          cloud-initStarting /etc/rc.local Compatibility...[920]: 
|     + = o.=..   |
[  161.728575]          cloud-initStarting LSB: Record successful boot for GRUB...[920]: 
|      = . o  . E |
[  161.865711] cloud-init[920]: |       . o . ..  |
         Starting Accounts Service...
[  161.866302] cloud-init[920]: |        S . =    |
[  162.052416] [cloud-init[0;32m  OK  [0m[920]: ] |           = .   |Started Regular background program processing daemon.

[  162.053110] cloud-init[920]: |          + o..  |
[  162.264406] [cloud-init[0;32m  OK  [0m[920]: ] |        ..=Bo+o .|Started ACPI event daemon.

[  162.265288] cloud-init[920]: |        o@**B.o+.|
         Starting LSB: MD monitoring daemon...
[  162.470803] cloud-init[920]: +----[SHA256]-----+
[[0;32m  OK  [0m] Started Snappy daemon.
[  162.611342] cloud-init[920]: Generating public/private ecdsa key pair.
[[0;32m  OK  [0m] Started Deferred execution scheduler.
[  162.774908] cloud-init[920]: Your identification has been saved in /etc/ssh/ssh_host_ecdsa_key.
[  162.956823] [cloud-init[0;32m  OK  [0m[920]: ] Your public key has been saved in /etc/ssh/ssh_host_ecdsa_key.pub.Started FUSE filesystem for LXC.

[  162.957295] cloud-init[920]: The key fingerprint is:
[  163.184532]          Starting LXD - container startup/shutdown...
cloud-init[920]: SHA256:jWfaOBGYgjXWhmbD0Awc3lpor9yVLHRPz2d9Eb6EExs root@ubuntu-xenial
[[0;32m  OK  [0m] Started System Logging Service.
[  163.360038] cloud-init[920]: The key's randomart image is:
[  163.498485] cloud-init[920]: +---[ECDSA 256]---+
[  163.501876] cloud-init[920]: | .+B+o       E . |
[  163.502047] cloud-init[920]: | ..*O.oo      * .|
[  163.502199] cloud-init[920]: |  =o=o+ o    + + |
[  163.502368] cloud-init[920]: | . = + + *   .o o|
[  163.502528] cloud-init[920]: |  . o + S * o ...|
[  163.502700] cloud-init[920]: | . o o   B o   . |
[  163.502861] cloud-init[920]: |  o .   + .      |
[  163.503019] cloud-init[920]: |         .       |
[[0;32m  OK  [0m] Started Pollinate to seed the pseudo random number generator.
[  163.503220] cloud-init[920]: [|                 |[0;32m  OK  [0m
] Started /etc/rc.local Compatibility.
[  164.264458] [cloud-init[0;32m  OK  [0m[920]: ] +----[SHA256]-----+Started LXD - container startup/shutdown.

[  164.432410] cloud-init[920]: Generating public/private ed25519 key pair.
[[0;32m  OK  [0m] Started LSB: Record successful boot for GRUB.
[[0;32m  OK  [0m] Started LSB: MD monitoring daemon.
[  164.527254] cloud-init[920]: Your identification has been saved in /etc/ssh/ssh_host_ed25519_key.
[  164.924533] cloud-init[920]: Your public key has been saved in /etc/ssh/ssh_host_ed25519_key.pub.
[  165.076533] cloud-init[920]: The key fingerprint is:
[[0;32m  OK  [0m] Started Login to default iSCSI targets.
[  165.160046] cloud-init[920]: SHA256:rxhaKIOg9tolBqADCda4EhxisDFQ2TsYTkxq0gV/KJA root@ubuntu-xenial
[[0;32m  OK  [0m] Started Login Service.
[  165.356499] cloud-init[920]: The key's randomart image is:
[  165.476480] cloud-init[920]: +--[ED25519 256]--+
[  165.476760] cloud-init[920]: |%OB+.            |
         Starting Authenticate and Authorize Users to Run Privileged Tasks...
[[  165.476942] cloud-init[920]: |E@=+..           |
[0;32m  OK  [0m] Reached target Remote File Systems (Pre).
[  165.697377] cloud-init[920]: |B=+oo..          |
[  165.844992] cloud-init[920]: |B.o.o.           |
[[0;32m  OK  [0m] Reached target Remote File Systems.
[  165.845108] cloud-init[920]: |=.   .  S        |
[  166.124444] cloud-init[920]: |oo.  .   .       |
[  166.124882] cloud-init[920]: |o.oo..o   .      |
         Starting LSB: automatic crash report generation...
[  166.125086] cloud-init[920]: |. +ooo o .       |
[  166.392451] cloud-init[920]: | ..o. . .        |
[  166.392953] cloud-init[920]: +----[SHA256]-----+
         Starting LSB: VirtualBox Linux Additions...
[  166.397260] cloud-init[1021]: Generating locales (this might take a while)...
[  166.680746] cloud-init[1021]:   en_US.UTF-8... done
         Starting LSB: daemon to balance interrupts for SMP systems...
[  166.681118] cloud-init[1021]: Generation complete.
         Starting Permit User Sessions...
         Starting LSB: Set the CPU Frequency Scaling governor to "ondemand"...
[[0;32m  OK  [0m] Stopped OpenBSD Secure Shell server.
         Starting OpenBSD Secure Shell server...
[[0;32m  OK  [0m] Started OpenBSD Secure Shell server.
[[0;32m  OK  [0m] Started Permit User Sessions.
[[0;32m  OK  [0m] Started Authenticate and Authorize Users to Run Privileged Tasks.
[[0;32m  OK  [0m] Started Accounts Service.
[[0;32m  OK  [0m] Created slice User Slice of ubuntu.
         Starting User Manager for UID 1000...
[[0;32m  OK  [0m] Started Session 1 of user ubuntu.
         Starting Hold until boot process finishes up...
         Starting Terminate Plymouth Boot Screen...
[[0;32m  OK  [0m] Started User Manager for UID 1000.
[[0;32m  OK  [0m] Started LSB: automatic crash report generation.
[[0;32m  OK  [0m] Started LSB: VirtualBox Linux Additions.
[[0;32m  OK  [0m] Started LSB: daemon to balance interrupts for SMP systems.
[[0;32m  OK  [0m] Started LSB: Set the CPU Frequency Scaling governor to "ondemand".
[[0;32m  OK  [0m] Started Hold until boot process finishes up.
[[0;32m  OK  [0m] Started Terminate Plymouth Boot Screen.
[  168.615333] cloud-init[1021]: Cloud-init v. 0.7.8 running 'modules:config' at Sun, 04 Dec 2016 08:03:52 +0000. Up 160.84 seconds.
[[0;32m  OK  [0m] Started Apply the settings specified in cloud-config.
[[0;32m  OK  [0m] Started Serial Getty on ttyS0.
         Starting Set console scheme...
[[0;32m  OK  [0m] Started Getty on tty1.
[[0;32m  OK  [0m] Reached target Login Prompts.
[[0;32m  OK  [0m] Reached target Multi-User System.
         Starting Notify bootloader that boot was successful...
         Starting Execute cloud user/final scripts...
[[0;32m  OK  [0m] Reached target Graphical Interface.
         Starting Update UTMP about System Runlevel Changes...
[[0;32m  OK  [0m] Started Set console scheme.
[[0;32m  OK  [0m] Started Notify bootloader that boot was successful.
[[0;32m  OK  [0m] Started Update UTMP about System Runlevel Changes.
ci-info: no authorized ssh keys fingerprints found for user ubuntu.
<14>Dec  4 08:04:01 ec2: 
<14>Dec  4 08:04:01 ec2: #############################################################
<14>Dec  4 08:04:01 ec2: -----BEGIN SSH HOST KEY FINGERPRINTS-----
<14>Dec  4 08:04:01 ec2: 1024 SHA256:fblrDvmocz5urvfMdD58qyiVQUVMmAo42eYUlVkcYX8 root@ubuntu-xenial (DSA)
<14>Dec  4 08:04:01 ec2: 256 SHA256:jWfaOBGYgjXWhmbD0Awc3lpor9yVLHRPz2d9Eb6EExs root@ubuntu-xenial (ECDSA)
<14>Dec  4 08:04:01 ec2: 256 SHA256:rxhaKIOg9tolBqADCda4EhxisDFQ2TsYTkxq0gV/KJA root@ubuntu-xenial (ED25519)
<14>Dec  4 08:04:01 ec2: 2048 SHA256:uOqT93CaXMy0eSGW161/7lkteLMkWwbUEvnYZo94fwo root@ubuntu-xenial (RSA)
<14>Dec  4 08:04:01 ec2: -----END SSH HOST KEY FINGERPRINTS-----
<14>Dec  4 08:04:01 ec2: #############################################################
-----BEGIN SSH HOST KEY KEYS-----
ecdsa-sha2-nistp256 AAAAE2VjZHNhLXNoYTItbmlzdHAyNTYAAAAIbmlzdHAyNTYAAABBBKsU/PuF3+5rGC69SQ4+KQq2aB4Jabky0+CtrMybzIq4sofmz2wectXg+uUynot12WenENyI81HMc4OYuOwsuYg= root@ubuntu-xenial
ssh-ed25519 AAAAC3NzaC1lZDI1NTE5AAAAIFuUlA2cwHpNzNFGihVwtUO3fYn4PaXG/iQEdV4mD8cu root@ubuntu-xenial
ssh-rsa AAAAB3NzaC1yc2EAAAADAQABAAABAQCmIX3RDdW1phfGzgQYsYAsjTqdwhlwE50kUMKMuPIo2RCNpHDG3pJyvfhpFKJcKPWQ4o7rWJRenGo1BDJS/vAQI+JFBPs5Z0vwpjoB8MeOIuCGoLfyDmN3MTXK5rDWWTnaUoCTDlxkmGSSpmXAOT7hM1KrvngHnT1KenYoEL5xO1IxHqTi4AihV3KG4JpoV3rtF3MC5WXUVZk5Gda1TMg+5XwwD9V1ZsZdQaxtP5eQ5pd/Ro0zowIy2R+VwwYrcdQjNvHGFaqrQYFrmRjHCvdgJn65/7S/YmOXoEf3yFCBCFgNleT+XjnX1oZjJB1XB36PjcVf2vuFgshlQcjKZjMt root@ubuntu-xenial
-----END SSH HOST KEY KEYS-----
[  172.335363] cloud-init[1286]: Cloud-init v. 0.7.8 running 'modules:final' at Sun, 04 Dec 2016 08:04:01 +0000. Up 169.84 seconds.
[[  172.600575] cloud-init[1286]: ci-info: no authorized ssh keys fingerprints found for user ubuntu.
[  172.600933] cloud-init[1286]: Cloud-init v. 0.7.8 finished at Sun, 04 Dec 2016 08:04:03 +0000. Datasource DataSourceNoCloud [seed=/dev/sdb][dsmode=net].  Up 172.31 seconds
[0;32m  OK  [0m] Started Execute cloud user/final scripts.
[[0;32m  OK  [0m] Started Session 2 of user ubuntu.
[[0;32m  OK  [0m] Reached target Cloud-init target.

Ubuntu 16.04.1 LTS vagrant-1 ttyS0

vagrant-1 login: 